[    0.000000] Linux version 5.14.0-427.18.1.el9_4.x86_64 (mockbuild@iad1-prod-build001.bld.equ.rockylinux.org) (gcc (GCC) 11.4.1 20231218 (Red Hat 11.4.1-3), GNU ld version 2.35.2-43.el9) #1 SMP PREEMPT_DYNAMIC Mon May 27 16:35:12 UTC 2024
[    0.000000] The list of certified hardware and cloud instances for Enterprise Linux 9 can be viewed at the Red Hat Ecosystem Catalog, https://catalog.redhat.com.
[    0.000000] Command line: BOOT_IMAGE=(hd0,gpt3)/vmlinuz-5.14.0-427.18.1.el9_4.x86_64 console=ttyS0,115200n8 no_timer_check crashkernel=auto net.ifnames=0 root=LABEL=rocky
[    0.000000] x86/fpu: Supporting XSAVE feature 0x001: 'x87 floating point registers'
[    0.000000] x86/fpu: Supporting XSAVE feature 0x002: 'SSE registers'
[    0.000000] x86/fpu: Supporting XSAVE feature 0x004: 'AVX registers'
[    0.000000] x86/fpu: Supporting XSAVE feature 0x020: 'AVX-512 opmask'
[    0.000000] x86/fpu: Supporting XSAVE feature 0x040: 'AVX-512 Hi256'
[    0.000000] x86/fpu: Supporting XSAVE feature 0x080: 'AVX-512 ZMM_Hi256'
[    0.000000] x86/fpu: Supporting XSAVE feature 0x200: 'Protection Keys User registers'
[    0.000000] x86/fpu: xstate_offset[2]:  576, xstate_sizes[2]:  256
[    0.000000] x86/fpu: xstate_offset[5]:  832, xstate_sizes[5]:   64
[    0.000000] x86/fpu: xstate_offset[6]:  896, xstate_sizes[6]:  512
[    0.000000] x86/fpu: xstate_offset[7]: 1408, xstate_sizes[7]: 1024
[    0.000000] x86/fpu: xstate_offset[9]: 2432, xstate_sizes[9]:    8
[    0.000000] x86/fpu: Enabled xstate features 0x2e7, context size is 2440 bytes, using 'compacted' format.
[    0.000000] signal: max sigframe size: 3632
[    0.000000] BIOS-provided physical RAM map:
[    0.000000] BIOS-e820: [mem 0x0000000000000000-0x000000000009fbff] usable
[    0.000000] BIOS-e820: [mem 0x000000000009fc00-0x000000000009ffff] reserved
[    0.000000] BIOS-e820: [mem 0x00000000000f0000-0x00000000000fffff] reserved
[    0.000000] BIOS-e820: [mem 0x0000000000100000-0x000000007ffdafff] usable
[    0.000000] BIOS-e820: [mem 0x000000007ffdb000-0x000000007fffffff] reserved
[    0.000000] BIOS-e820: [mem 0x00000000feffc000-0x00000000feffffff] reserved
[    0.000000] BIOS-e820: [mem 0x00000000fffc0000-0x00000000ffffffff] reserved
[    0.000000] NX (Execute Disable) protection: active
[    0.000000] SMBIOS 2.8 present.
[    0.000000] DMI: Samsung SDS SCP Compute, BIOS 1.15.0-1 04/01/2014
[    0.000000] Hypervisor detected: KVM
[    0.000000] kvm-clock: Using msrs 4b564d01 and 4b564d00
[    0.000001] kvm-clock: using sched offset of 4069410769 cycles
[    0.000002] clocksource: kvm-clock: mask: 0xffffffffffffffff max_cycles: 0x1cd42e4dffb, max_idle_ns: 881590591483 ns
[    0.000013] tsc: Detected 2793.436 MHz processor
[    0.000617] last_pfn = 0x7ffdb max_arch_pfn = 0x10000000000
[    0.000686] MTRR map: 4 entries (3 fixed + 1 variable; max 19), built from 8 variable MTRRs
[    0.000694] x86/PAT: Configuration [0-7]: WB  WC  UC- UC  WB  WP  UC- WT  
[    0.008478] found SMP MP-table at [mem 0x000f5b70-0x000f5b7f]
[    0.008565] Using GB pages for direct mapping
[    0.008656] RAMDISK: [mem 0x2ffc5000-0x33fdafff]
[    0.008687] ACPI: Early table checksum verification disabled
[    0.008727] ACPI: RSDP 0x00000000000F5980 000014 (v00 BOCHS )
[    0.008737] ACPI: RSDT 0x000000007FFE17ED 000030 (v01 BOCHS  BXPC     00000001 BXPC 00000001)
[    0.008744] ACPI: FACP 0x000000007FFE16D9 000074 (v01 BOCHS  BXPC     00000001 BXPC 00000001)
[    0.008753] ACPI: DSDT 0x000000007FFE0040 001699 (v01 BOCHS  BXPC     00000001 BXPC 00000001)
[    0.008757] ACPI: FACS 0x000000007FFE0000 000040
[    0.008760] ACPI: APIC 0x000000007FFE174D 000078 (v01 BOCHS  BXPC     00000001 BXPC 00000001)
[    0.008763] ACPI: WAET 0x000000007FFE17C5 000028 (v01 BOCHS  BXPC     00000001 BXPC 00000001)
[    0.008765] ACPI: Reserving FACP table memory at [mem 0x7ffe16d9-0x7ffe174c]
[    0.008767] ACPI: Reserving DSDT table memory at [mem 0x7ffe0040-0x7ffe16d8]
[    0.008767] ACPI: Reserving FACS table memory at [mem 0x7ffe0000-0x7ffe003f]
[    0.008768] ACPI: Reserving APIC table memory at [mem 0x7ffe174d-0x7ffe17c4]
[    0.008768] ACPI: Reserving WAET table memory at [mem 0x7ffe17c5-0x7ffe17ec]
[    0.009101] No NUMA configuration found
[    0.009102] Faking a node at [mem 0x0000000000000000-0x000000007ffdafff]
[    0.009112] NODE_DATA(0) allocated [mem 0x7ffb0000-0x7ffdafff]
[    0.009419] crashkernel: memory value expected
[    0.011102] Zone ranges:
[    0.011109]   DMA      [mem 0x0000000000001000-0x0000000000ffffff]
[    0.011111]   DMA32    [mem 0x0000000001000000-0x000000007ffdafff]
[    0.011117]   Normal   empty
[    0.011118]   Device   empty
[    0.011122] Movable zone start for each node
[    0.011130] Early memory node ranges
[    0.011131]   node   0: [mem 0x0000000000001000-0x000000000009efff]
[    0.011132]   node   0: [mem 0x0000000000100000-0x000000007ffdafff]
[    0.011134] Initmem setup node 0 [mem 0x0000000000001000-0x000000007ffdafff]
[    0.011150] On node 0, zone DMA: 1 pages in unavailable ranges
[    0.011343] On node 0, zone DMA: 97 pages in unavailable ranges
[    0.014294] On node 0, zone DMA32: 37 pages in unavailable ranges
[    0.014693] ACPI: PM-Timer IO Port: 0x608
[    0.014715] ACPI: LAPIC_NMI (acpi_id[0xff] dfl dfl lint[0x1])
[    0.014755] IOAPIC[0]: apic_id 0, version 17, address 0xfec00000, GSI 0-23
[    0.014758] ACPI: INT_SRC_OVR (bus 0 bus_irq 0 global_irq 2 dfl dfl)
[    0.014760] ACPI: INT_SRC_OVR (bus 0 bus_irq 5 global_irq 5 high level)
[    0.014766] ACPI: INT_SRC_OVR (bus 0 bus_irq 9 global_irq 9 high level)
[    0.014777] ACPI: INT_SRC_OVR (bus 0 bus_irq 10 global_irq 10 high level)
[    0.014778] ACPI: INT_SRC_OVR (bus 0 bus_irq 11 global_irq 11 high level)
[    0.014782] ACPI: Using ACPI (MADT) for SMP configuration information
[    0.014787] TSC deadline timer available
[    0.014792] smpboot: Allowing 1 CPUs, 0 hotplug CPUs
[    0.014825] PM: hibernation: Registered nosave memory: [mem 0x00000000-0x00000fff]
[    0.014826] PM: hibernation: Registered nosave memory: [mem 0x0009f000-0x0009ffff]
[    0.014828] PM: hibernation: Registered nosave memory: [mem 0x000a0000-0x000effff]
[    0.014828] PM: hibernation: Registered nosave memory: [mem 0x000f0000-0x000fffff]
[    0.014830] [mem 0x80000000-0xfeffbfff] available for PCI devices
[    0.014831] Booting paravirtualized kernel on KVM
[    0.014837] clocksource: refined-jiffies: mask: 0xffffffff max_cycles: 0xffffffff, max_idle_ns: 1910969940391419 ns
[    0.020581] setup_percpu: NR_CPUS:8192 nr_cpumask_bits:1 nr_cpu_ids:1 nr_node_ids:1
[    0.022593] percpu: Embedded 63 pages/cpu s221184 r8192 d28672 u2097152
[    0.022628] kvm-guest: PV spinlocks disabled, no host support
[    0.022631] Fallback order for Node 0: 0 
[    0.022634] Built 1 zonelists, mobility grouping on.  Total pages: 515803
[    0.022635] Policy zone: DMA32
[    0.022636] Kernel command line: BOOT_IMAGE=(hd0,gpt3)/vmlinuz-5.14.0-427.18.1.el9_4.x86_64 console=ttyS0,115200n8 no_timer_check crashkernel=auto net.ifnames=0 root=LABEL=rocky
[    0.022956] Unknown kernel command line parameters "BOOT_IMAGE=(hd0,gpt3)/vmlinuz-5.14.0-427.18.1.el9_4.x86_64", will be passed to user space.
[    0.022986] random: crng init done
[    0.024864] Dentry cache hash table entries: 262144 (order: 9, 2097152 bytes, linear)
[    0.025711] Inode-cache hash table entries: 131072 (order: 8, 1048576 bytes, linear)
[    0.027617] mem auto-init: stack:off, heap alloc:off, heap free:off
[    0.031798] Memory: 260916K/2096612K available (16384K kernel code, 5626K rwdata, 11756K rodata, 3892K init, 5956K bss, 155876K reserved, 0K cma-reserved)
[    0.031962] SLUB: HWalign=64, Order=0-3, MinObjects=0, CPUs=1, Nodes=1
[    0.031988] ftrace: allocating 46881 entries in 184 pages
[    0.055507] ftrace: allocated 184 pages with 4 groups
[    0.056309] Dynamic Preempt: voluntary
[    0.056347] rcu: Preemptible hierarchical RCU implementation.
[    0.056351] rcu: 	RCU restricting CPUs from NR_CPUS=8192 to nr_cpu_ids=1.
[    0.056353] 	Trampoline variant of Tasks RCU enabled.
[    0.056356] 	Rude variant of Tasks RCU enabled.
[    0.056357] 	Tracing variant of Tasks RCU enabled.
[    0.056357] rcu: RCU calculated value of scheduler-enlistment delay is 100 jiffies.
[    0.056358] rcu: Adjusting geometry for rcu_fanout_leaf=16, nr_cpu_ids=1
[    0.060402] NR_IRQS: 524544, nr_irqs: 256, preallocated irqs: 16
[    0.060626] rcu: srcu_init: Setting srcu_struct sizes based on contention.
[    0.060737] kfence: initialized - using 2097152 bytes for 255 objects at 0x(____ptrval____)-0x(____ptrval____)
[    0.072963] Console: colour VGA+ 80x25
[    0.180216] printk: console [ttyS0] enabled
[    0.180840] ACPI: Core revision 20221020
[    0.181469] APIC: Switch to symmetric I/O mode setup
[    0.182440] x2apic enabled
[    0.183108] Switched APIC routing to physical x2apic.
[    0.188510] clocksource: tsc-early: mask: 0xffffffffffffffff max_cycles: 0x284407e0e7a, max_idle_ns: 440795310592 ns
[    0.190000] Calibrating delay loop (skipped) preset value.. 5586.87 BogoMIPS (lpj=2793436)
[    0.190997] pid_max: default: 32768 minimum: 301
[    0.190997] LSM: initializing lsm=lockdown,capability,yama,integrity,selinux,bpf
[    0.190997] Yama: becoming mindful.
[    0.190997] SELinux:  Initializing.
[    0.190997] LSM support for eBPF active
[    0.190997] Mount-cache hash table entries: 4096 (order: 3, 32768 bytes, linear)
[    0.190997] Mountpoint-cache hash table entries: 4096 (order: 3, 32768 bytes, linear)
[    0.190997] x86/cpu: User Mode Instruction Prevention (UMIP) activated
[    0.190997] Last level iTLB entries: 4KB 0, 2MB 0, 4MB 0
[    0.190997] Last level dTLB entries: 4KB 0, 2MB 0, 4MB 0, 1GB 0
[    0.190997] Spectre V1 : Mitigation: usercopy/swapgs barriers and __user pointer sanitization
[    0.190997] Spectre V2 : Mitigation: Enhanced / Automatic IBRS
[    0.190997] Spectre V2 : Spectre v2 / SpectreRSB mitigation: Filling RSB on context switch
[    0.190997] Spectre V2 : mitigation: Enabling conditional Indirect Branch Prediction Barrier
[    0.190997] Speculative Store Bypass: Mitigation: Speculative Store Bypass disabled via prctl
[    0.190997] TAA: Mitigation: TSX disabled
[    0.190997] MMIO Stale Data: Vulnerable: Clear CPU buffers attempted, no microcode
[    0.190997] Freeing SMP alternatives memory: 36K
[    0.190997] smpboot: CPU0: Intel Xeon Processor (Icelake) (family: 0x6, model: 0x86, stepping: 0x0)
[    0.191378] cblist_init_generic: Setting adjustable number of callback queues.
[    0.192000] cblist_init_generic: Setting shift to 0 and lim to 1.
[    0.192914] cblist_init_generic: Setting shift to 0 and lim to 1.
[    0.193043] cblist_init_generic: Setting shift to 0 and lim to 1.
[    0.193970] Performance Events: unsupported p6 CPU model 134 no PMU driver, software events only.
[    0.194174] rcu: Hierarchical SRCU implementation.
[    0.194175] rcu: 	Max phase no-delay instances is 400.
[    0.194199] printk: console [ttyS0] printing thread started
[    0.196381] NMI watchdog: Perf NMI watchdog permanently disabled
[    0.196449] smp: Bringing up secondary CPUs ...
[    0.196450] smp: Brought up 1 node, 1 CPU
[    0.196451] smpboot: Max logical packages: 1
[    0.196456] smpboot: Total of 1 processors activated (5586.87 BogoMIPS)
[    0.223309] node 0 deferred pages initialised in 27ms
[    0.223607] devtmpfs: initialized
[    0.223666] x86/mm: Memory block size: 128MB
[    0.224014] clocksource: jiffies: mask: 0xffffffff max_cycles: 0xffffffff, max_idle_ns: 1911260446275000 ns
[    0.224017] futex hash table entries: 256 (order: 2, 16384 bytes, linear)
[    0.224100] pinctrl core: initialized pinctrl subsystem
[    0.225580] NET: Registered PF_NETLINK/PF_ROUTE protocol family
[    0.225686] DMA: preallocated 256 KiB GFP_KERNEL pool for atomic allocations
[    0.225697] DMA: preallocated 256 KiB GFP_KERNEL|GFP_DMA pool for atomic allocations
[    0.225703] DMA: preallocated 256 KiB GFP_KERNEL|GFP_DMA32 pool for atomic allocations
[    0.225726] audit: initializing netlink subsys (disabled)
[    0.230116] thermal_sys: Registered thermal governor 'fair_share'
[    0.230117] thermal_sys: Registered thermal governor 'step_wise'
[    0.230117] thermal_sys: Registered thermal governor 'user_space'
[    0.230127] cpuidle: using governor menu
[    0.230189] acpiphp: ACPI Hot Plug PCI Controller Driver version: 0.5
[    0.230322] PCI: Using configuration type 1 for base access
[    0.231475] kprobes: kprobe jump-optimization is enabled. All kprobes are optimized if possible.
[    0.231511] audit: type=2000 audit(1756051337.200:1): state=initialized audit_enabled=0 res=1
[    0.261010] HugeTLB: registered 1.00 GiB page size, pre-allocated 0 pages
[    0.261011] HugeTLB: 16380 KiB vmemmap can be freed for a 1.00 GiB page
[    0.261012] HugeTLB: registered 2.00 MiB page size, pre-allocated 0 pages
[    0.261013] HugeTLB: 28 KiB vmemmap can be freed for a 2.00 MiB page
[    0.264005] cryptd: max_cpu_qlen set to 1000
[    0.264274] ACPI: Added _OSI(Module Device)
[    0.264275] ACPI: Added _OSI(Processor Device)
[    0.264276] ACPI: Added _OSI(3.0 _SCP Extensions)
[    0.264276] ACPI: Added _OSI(Processor Aggregator Device)
[    0.264277] ACPI: Added _OSI(Linux-Dell-Video)
[    0.264278] ACPI: Added _OSI(Linux-Lenovo-NV-HDMI-Audio)
[    0.264278] ACPI: Added _OSI(Linux-HPI-Hybrid-Graphics)
[    0.264617] ACPI: 1 ACPI AML tables successfully acquired and loaded
[    0.267086] ACPI: Interpreter enabled
[    0.267096] ACPI: PM: (supports S0 S3 S4 S5)
[    0.267096] ACPI: Using IOAPIC for interrupt routing
[    0.267138] PCI: Using host bridge windows from ACPI; if necessary, use "pci=nocrs" and report a bug
[    0.267139] PCI: Using E820 reservations for host bridge windows
[    0.267193] ACPI: Enabled 2 GPEs in block 00 to 0F
[    0.268333] ACPI: PCI Root Bridge [PCI0] (domain 0000 [bus 00-ff])
[    0.268343] acpi PNP0A03:00: _OSC: OS supports [ASPM ClockPM Segments MSI EDR HPX-Type3]
[    0.268345] acpi PNP0A03:00: _OSC: not requesting OS control; OS requires [ExtendedConfig ASPM ClockPM MSI]
[    0.268351] acpi PNP0A03:00: fail to add MMCONFIG information, can't access extended configuration space under this bridge
[    0.268517] acpiphp: Slot [3] registered
[    0.268530] acpiphp: Slot [4] registered
[    0.268542] acpiphp: Slot [5] registered
[    0.268556] acpiphp: Slot [6] registered
[    0.268572] acpiphp: Slot [7] registered
[    0.268585] acpiphp: Slot [8] registered
[    0.268598] acpiphp: Slot [9] registered
[    0.268610] acpiphp: Slot [10] registered
[    0.268622] acpiphp: Slot [11] registered
[    0.268633] acpiphp: Slot [12] registered
[    0.268645] acpiphp: Slot [13] registered
[    0.268656] acpiphp: Slot [14] registered
[    0.268668] acpiphp: Slot [15] registered
[    0.268680] acpiphp: Slot [16] registered
[    0.268691] acpiphp: Slot [17] registered
[    0.268703] acpiphp: Slot [18] registered
[    0.268714] acpiphp: Slot [19] registered
[    0.268726] acpiphp: Slot [20] registered
[    0.268737] acpiphp: Slot [21] registered
[    0.268749] acpiphp: Slot [22] registered
[    0.268761] acpiphp: Slot [23] registered
[    0.268773] acpiphp: Slot [24] registered
[    0.268784] acpiphp: Slot [25] registered
[    0.268795] acpiphp: Slot [26] registered
[    0.268807] acpiphp: Slot [27] registered
[    0.268819] acpiphp: Slot [28] registered
[    0.268831] acpiphp: Slot [29] registered
[    0.268842] acpiphp: Slot [30] registered
[    0.268854] acpiphp: Slot [31] registered
[    0.268863] PCI host bridge to bus 0000:00
[    0.268864] pci_bus 0000:00: root bus resource [io  0x0000-0x0cf7 window]
[    0.268866] pci_bus 0000:00: root bus resource [io  0x0d00-0xffff window]
[    0.268866] pci_bus 0000:00: root bus resource [mem 0x000a0000-0x000bffff window]
[    0.268867] pci_bus 0000:00: root bus resource [mem 0x80000000-0xfebfffff window]
[    0.268872] pci_bus 0000:00: root bus resource [mem 0x100000000-0x17fffffff window]
[    0.268873] pci_bus 0000:00: root bus resource [bus 00-ff]
[    0.268916] pci 0000:00:00.0: [8086:1237] type 00 class 0x060000
[    0.271356] pci 0000:00:01.0: [8086:7000] type 00 class 0x060100
[    0.271868] pci 0000:00:01.1: [8086:7010] type 00 class 0x010180
[    0.273767] pci 0000:00:01.1: reg 0x20: [io  0xc140-0xc14f]
[    0.274441] pci 0000:00:01.1: legacy IDE quirk: reg 0x10: [io  0x01f0-0x01f7]
[    0.274443] pci 0000:00:01.1: legacy IDE quirk: reg 0x14: [io  0x03f6]
[    0.274444] pci 0000:00:01.1: legacy IDE quirk: reg 0x18: [io  0x0170-0x0177]
[    0.274444] pci 0000:00:01.1: legacy IDE quirk: reg 0x1c: [io  0x0376]
[    0.278132] pci 0000:00:01.2: [8086:7020] type 00 class 0x0c0300
[    0.280217] pci 0000:00:01.2: reg 0x20: [io  0xc100-0xc11f]
[    0.288127] pci 0000:00:01.3: [8086:7113] type 00 class 0x068000
[    0.288533] pci 0000:00:01.3: quirk: [io  0x0600-0x063f] claimed by PIIX4 ACPI
[    0.288541] pci 0000:00:01.3: quirk: [io  0x0700-0x070f] claimed by PIIX4 SMB
[    0.288808] pci 0000:00:02.0: [1af4:1050] type 00 class 0x030000
[    0.289646] pci 0000:00:02.0: reg 0x10: [mem 0xfe000000-0xfe7fffff pref]
[    0.291576] pci 0000:00:02.0: reg 0x18: [mem 0xfe800000-0xfe803fff 64bit pref]
[    0.292587] pci 0000:00:02.0: reg 0x20: [mem 0xfeb90000-0xfeb90fff]
[    0.294842] pci 0000:00:02.0: reg 0x30: [mem 0xfeb80000-0xfeb8ffff pref]
[    0.299412] pci 0000:00:02.0: Video device with shadowed ROM at [mem 0x000c0000-0x000dffff]
[    0.300758] pci 0000:00:03.0: [1af4:1000] type 00 class 0x020000
[    0.301402] pci 0000:00:03.0: reg 0x10: [io  0xc080-0xc0bf]
[    0.302001] pci 0000:00:03.0: reg 0x14: [mem 0xfeb91000-0xfeb91fff]
[    0.304001] pci 0000:00:03.0: reg 0x20: [mem 0xfe804000-0xfe807fff 64bit pref]
[    0.305335] pci 0000:00:03.0: reg 0x30: [mem 0xfeb00000-0xfeb7ffff pref]
[    0.311837] pci 0000:00:04.0: [1af4:1001] type 00 class 0x010000
[    0.312372] pci 0000:00:04.0: reg 0x10: [io  0xc000-0xc07f]
[    0.313001] pci 0000:00:04.0: reg 0x14: [mem 0xfeb92000-0xfeb92fff]
[    0.315398] pci 0000:00:04.0: reg 0x20: [mem 0xfe808000-0xfe80bfff 64bit pref]
[    0.322116] pci 0000:00:05.0: [1af4:1002] type 00 class 0x00ff00
[    0.322704] pci 0000:00:05.0: reg 0x10: [io  0xc0c0-0xc0ff]
[    0.324262] pci 0000:00:05.0: reg 0x20: [mem 0xfe80c000-0xfe80ffff 64bit pref]
[    0.330185] pci 0000:00:06.0: [1af4:1005] type 00 class 0x00ff00
[    0.330720] pci 0000:00:06.0: reg 0x10: [io  0xc120-0xc13f]
[    0.332254] pci 0000:00:06.0: reg 0x20: [mem 0xfe810000-0xfe813fff 64bit pref]
[    0.337743] ACPI: PCI: Interrupt link LNKA configured for IRQ 10
[    0.337826] ACPI: PCI: Interrupt link LNKB configured for IRQ 10
[    0.337890] ACPI: PCI: Interrupt link LNKC configured for IRQ 11
[    0.337949] ACPI: PCI: Interrupt link LNKD configured for IRQ 11
[    0.337982] ACPI: PCI: Interrupt link LNKS configured for IRQ 9
[    0.341015] iommu: Default domain type: Translated
[    0.341020] iommu: DMA domain TLB invalidation policy: lazy mode
[    0.341355] SCSI subsystem initialized
[    0.341444] ACPI: bus type USB registered
[    0.341508] usbcore: registered new interface driver usbfs
[    0.341518] usbcore: registered new interface driver hub
[    0.341522] usbcore: registered new device driver usb
[    0.341566] pps_core: LinuxPPS API ver. 1 registered
[    0.341567] pps_core: Software ver. 5.3.6 - Copyright 2005-2007 Rodolfo Giometti <giometti@linux.it>
[    0.341568] PTP clock support registered
[    0.345060] EDAC MC: Ver: 3.0.0
[    0.345736] NetLabel: Initializing
[    0.345737] NetLabel:  domain hash size = 128
[    0.345737] NetLabel:  protocols = UNLABELED CIPSOv4 CALIPSO
[    0.345761] NetLabel:  unlabeled traffic allowed by default
[    0.345768] PCI: Using ACPI for IRQ routing
[    0.346047] pci 0000:00:02.0: vgaarb: setting as boot VGA device
[    0.346048] pci 0000:00:02.0: vgaarb: bridge control possible
[    0.346049] pci 0000:00:02.0: vgaarb: VGA device added: decodes=io+mem,owns=io+mem,locks=none
[    0.346053] vgaarb: loaded
[    0.350293] clocksource: Switched to clocksource kvm-clock
[    0.350690] VFS: Disk quotas dquot_6.6.0
[    0.350704] VFS: Dquot-cache hash table entries: 512 (order 0, 4096 bytes)
[    0.350828] pnp: PnP ACPI init
[    0.350997] pnp: PnP ACPI: found 5 devices
[    0.358572] clocksource: acpi_pm: mask: 0xffffff max_cycles: 0xffffff, max_idle_ns: 2085701024 ns
[    0.365838] NET: Registered PF_INET protocol family
[    0.366141] IP idents hash table entries: 32768 (order: 6, 262144 bytes, linear)
[    0.373062] tcp_listen_portaddr_hash hash table entries: 1024 (order: 2, 16384 bytes, linear)
[    0.373084] Table-perturb hash table entries: 65536 (order: 6, 262144 bytes, linear)
[    0.373087] TCP established hash table entries: 16384 (order: 5, 131072 bytes, linear)
[    0.373216] TCP bind hash table entries: 16384 (order: 6, 262144 bytes, linear)
[    0.373459] TCP: Hash tables configured (established 16384 bind 16384)
[    0.373719] MPTCP token hash table entries: 2048 (order: 3, 49152 bytes, linear)
[    0.373728] UDP hash table entries: 1024 (order: 3, 32768 bytes, linear)
[    0.373755] UDP-Lite hash table entries: 1024 (order: 3, 32768 bytes, linear)
[    0.373828] NET: Registered PF_UNIX/PF_LOCAL protocol family
[    0.373842] NET: Registered PF_XDP protocol family
[    0.373860] pci_bus 0000:00: resource 4 [io  0x0000-0x0cf7 window]
[    0.373862] pci_bus 0000:00: resource 5 [io  0x0d00-0xffff window]
[    0.373863] pci_bus 0000:00: resource 6 [mem 0x000a0000-0x000bffff window]
[    0.373864] pci_bus 0000:00: resource 7 [mem 0x80000000-0xfebfffff window]
[    0.373865] pci_bus 0000:00: resource 8 [mem 0x100000000-0x17fffffff window]
[    0.373909] pci 0000:00:01.0: PIIX3: Enabling Passive Release
[    0.373922] pci 0000:00:00.0: Limiting direct PCI/PCI transfers
[    0.400845] ACPI: \_SB_.LNKD: Enabled at IRQ 11
[    0.417838] pci 0000:00:01.2: quirk_usb_early_handoff+0x0/0x140 took 42856 usecs
[    0.417948] PCI: CLS 0 bytes, default 64
[    0.418053] Trying to unpack rootfs image as initramfs...
[    0.428010] ACPI: bus type thunderbolt registered
[    0.428134] clocksource: tsc: mask: 0xffffffffffffffff max_cycles: 0x284407e0e7a, max_idle_ns: 440795310592 ns
[    0.428586] Initialise system trusted keyrings
[    0.428615] Key type blacklist registered
[    0.429537] workingset: timestamp_bits=36 max_order=19 bucket_order=0
[    0.431183] zbud: loaded
[    0.431666] integrity: Platform Keyring initialized
[    0.431669] integrity: Machine keyring initialized
[    0.461022] NET: Registered PF_ALG protocol family
[    0.461025] xor: automatically using best checksumming function   avx       
[    0.461026] Key type asymmetric registered
[    0.461035] Asymmetric key parser 'x509' registered
[    0.461036] Running certificate verification selftests
[    0.470675] Loaded X.509 cert 'Certificate verification self-testing key: f58703bb33ce1b73ee02eccdee5b8817518fe3db'
[    0.471116] Block layer SCSI generic (bsg) driver version 0.4 loaded (major 246)
[    0.474056] io scheduler mq-deadline registered
[    0.474058] io scheduler kyber registered
[    0.474096] io scheduler bfq registered
[    0.479963] atomic64_test: passed for x86-64 platform with CX8 and with SSE
[    0.481145] shpchp: Standard Hot Plug PCI Controller Driver version: 0.4
[    0.481246] input: Power Button as /devices/LNXSYSTM:00/LNXPWRBN:00/input/input0
[    0.481275] ACPI: button: Power Button [PWRF]
[    0.506601] ACPI: \_SB_.LNKB: Enabled at IRQ 10
[    0.540944] ACPI: \_SB_.LNKC: Enabled at IRQ 11
[    0.594681] ACPI: \_SB_.LNKA: Enabled at IRQ 10
[    0.621193] Serial: 8250/16550 driver, 4 ports, IRQ sharing enabled
[    0.621361] 00:00: ttyS0 at I/O 0x3f8 (irq = 4, base_baud = 115200) is a 16550A
[    0.621667] Non-volatile memory driver v1.3
[    0.624141] rdac: device handler registered
[    0.627023] hp_sw: device handler registered
[    0.627024] emc: device handler registered
[    0.631126] alua: device handler registered
[    0.649318] uhci_hcd 0000:00:01.2: UHCI Host Controller
[    0.649376] uhci_hcd 0000:00:01.2: new USB bus registered, assigned bus number 1
[    0.649399] uhci_hcd 0000:00:01.2: detected 2 ports
[    0.649507] uhci_hcd 0000:00:01.2: irq 11, io port 0x0000c100
[    0.653614] usb usb1: New USB device found, idVendor=1d6b, idProduct=0001, bcdDevice= 5.14
[    0.653622] usb usb1: New USB device strings: Mfr=3, Product=2, SerialNumber=1
[    0.653623] usb usb1: Product: UHCI Host Controller
[    0.653624] usb usb1: Manufacturer: Linux 5.14.0-427.18.1.el9_4.x86_64 uhci_hcd
[    0.653625] usb usb1: SerialNumber: 0000:00:01.2
[    0.653693] hub 1-0:1.0: USB hub found
[    0.653696] hub 1-0:1.0: 2 ports detected
[    0.653842] usbcore: registered new interface driver usbserial_generic
[    0.653850] usbserial: USB Serial support registered for generic
[    0.653930] i8042: PNP: PS/2 Controller [PNP0303:KBD,PNP0f13:MOU] at 0x60,0x64 irq 1,12
[    0.655816] serio: i8042 KBD port at 0x60,0x64 irq 1
[    0.655824] serio: i8042 AUX port at 0x60,0x64 irq 12
[    0.655893] mousedev: PS/2 mouse device common for all mice
[    0.656117] input: AT Translated Set 2 keyboard as /devices/platform/i8042/serio0/input/input1
[    0.656675] input: VirtualPS/2 VMware VMMouse as /devices/platform/i8042/serio1/input/input4
[    0.656864] input: VirtualPS/2 VMware VMMouse as /devices/platform/i8042/serio1/input/input3
[    0.656931] rtc_cmos 00:04: RTC can wake from S4
[    0.657362] rtc_cmos 00:04: registered as rtc0
[    0.657432] rtc_cmos 00:04: setting system clock to 2025-08-24T16:02:16 UTC (1756051336)
[    0.657490] rtc_cmos 00:04: alarms up to one day, y3k, 242 bytes nvram
[    0.657503] intel_pstate: CPU model not supported
[    0.657810] hid: raw HID events driver (C) Jiri Kosina
[    0.657851] usbcore: registered new interface driver usbhid
[    0.657852] usbhid: USB HID core driver
[    0.657865] drop_monitor: Initializing network drop monitor service
[    0.703022] Initializing XFRM netlink socket
[    0.703117] NET: Registered PF_INET6 protocol family
[    0.872129] usb 1-1: new full-speed USB device number 2 using uhci_hcd
[    1.041523] usb 1-1: New USB device found, idVendor=0627, idProduct=0001, bcdDevice= 0.00
[    1.041527] usb 1-1: New USB device strings: Mfr=1, Product=3, SerialNumber=10
[    1.041528] usb 1-1: Product: QEMU USB Tablet
[    1.041529] usb 1-1: Manufacturer: QEMU
[    1.041530] usb 1-1: SerialNumber: 28754-0000:00:01.2-1
[    1.049825] input: QEMU QEMU USB Tablet as /devices/pci0000:00/0000:00:01.2/usb1/1-1/1-1:1.0/0003:0627:0001.0001/input/input5
[    1.049887] hid-generic 0003:0627:0001.0001: input,hidraw0: USB HID v0.01 Mouse [QEMU QEMU USB Tablet] on usb-0000:00:01.2-1/input0
[    1.173757] Freeing initrd memory: 65624K
[    1.179115] Segment Routing with IPv6
[    1.179142] NET: Registered PF_PACKET protocol family
[    1.179172] mpls_gso: MPLS GSO support
[    1.179362] IPI shorthand broadcast: enabled
[    1.179375] AVX2 version of gcm_enc/dec engaged.
[    1.179407] AES CTR mode by8 optimization enabled
[    1.179443] sched_clock: Marking stable (1049637299, 129363696)->(1264987545, -85986550)
[    1.179525] registered taskstats version 1
[    1.179646] Loading compiled-in X.509 certificates
[    1.180117] Loaded X.509 cert 'Rocky kernel signing key: f97738e613ddbeb3cbb8f781b14c4fc454468b1b'
[    1.180131] Loaded X.509 cert 'Rocky Enterprise Software Foundation: Rocky Linux Driver Signing Cert 101: ce537f0c615c038114acbb01233a5b62b93a1971'
[    1.180140] Loaded X.509 cert 'Rocky Enterprise Software Foundation: Rocky Linux Driver Signing Cert 101 (aarch64): 27049f986744cc3d6a729d084fea189a8a4162ae'
[    1.180265] Loaded X.509 cert 'Rocky Enterprise Software Foundation: Rocky Linux IMA CA: 1d1cda4d16acd5196226d19e1fdb2c2761d12c4d'
[    1.180272] Loaded X.509 cert 'Rocky Enterprise Software Foundation: Nvidia GPU OOT Signing 101: 816ba9c770e6960cefe378020865d4ebbc352a7d'
[    1.185452] zswap: loaded using pool lzo/zbud
[    1.188149] page_owner is disabled
[    1.188191] Key type big_key registered
[    1.199472] Key type encrypted registered
[    1.199479] ima: No TPM chip found, activating TPM-bypass!
[    1.199482] Loading compiled-in module X.509 certificates
[    1.199747] Loaded X.509 cert 'Rocky kernel signing key: f97738e613ddbeb3cbb8f781b14c4fc454468b1b'
[    1.199750] ima: Allocated hash algorithm: sha256
[    1.199763] ima: No architecture policies found
[    1.199782] evm: Initialising EVM extended attributes:
[    1.199782] evm: security.selinux
[    1.199783] evm: security.SMACK64 (disabled)
[    1.199783] evm: security.SMACK64EXEC (disabled)
[    1.199784] evm: security.SMACK64TRANSMUTE (disabled)
[    1.199784] evm: security.SMACK64MMAP (disabled)
[    1.199785] evm: security.apparmor (disabled)
[    1.199785] evm: security.ima
[    1.199785] evm: security.capability
[    1.199786] evm: HMAC attrs: 0x1
[    1.445249] Freeing unused decrypted memory: 2028K
[    1.447756] Freeing unused kernel image (initmem) memory: 3892K
[    1.448566] Write protecting the kernel read-only data: 28672k
[    1.449062] Freeing unused kernel image (rodata/data gap) memory: 532K
[    1.456974] x86/mm: Checked W+X mappings: passed, no W+X pages found.
[    1.457483] Run /init as init process

Welcome to [0;32mRocky Linux 9.4 (Blue Onyx) dracut-057-53.git20240104.el9 (Initramfs)[0m!

[    1.464587] systemd[1]: systemd 252-32.el9_4 running in system mode (+PAM +AUDIT +SELINUX -APPARMOR +IMA +SMACK +SECCOMP +GCRYPT +GNUTLS +OPENSSL +ACL +BLKID +CURL +ELFUTILS -FIDO2 +IDN2 -IDN -IPTC +KMOD +LIBCRYPTSETUP +LIBFDISK +PCRE2 -PWQUALITY +P11KIT -QRENCODE +TPM2 +BZIP2 +LZ4 +XZ +ZLIB +ZSTD -BPF_FRAMEWORK +XKBCOMMON +UTMP +SYSVINIT default-hierarchy=unified)
[    1.464724] systemd[1]: Detected virtualization kvm.
[    1.464726] systemd[1]: Detected architecture x86-64.
[    1.464727] systemd[1]: Running in initrd.
[    1.465686] systemd[1]: No hostname configured, using default hostname.
[    1.465730] systemd[1]: Hostname set to <localhost>.
[    1.465791] systemd[1]: Initializing machine ID from VM UUID.
[[0;32m  OK  [0m] Started [0;1;39mDispatch Password ���ts to Console Directory Watch[0m.[    1.527536] systemd[1]: Queued start job for default target Initrd Default Target.
[    1.527652] systemd[1]: Started Dispatch Password Requests to Console Directory Watch.

[[0;32m  OK  [0m] Reached target [0;1;39mLocal Encrypted Volumes[0m.[    1.529602] systemd[1]: Reached target Local Encrypted Volumes.

[[0;32m  OK  [0m] Reached target [0;1;39mInitrd /usr File System[0m.[    1.530661] systemd[1]: Reached target Initrd /usr File System.

[[0;32m  OK  [0m] Reached target [0;1;39mLocal File Systems[0m.[    1.531696] systemd[1]: Reached target Local File Systems.

[[0;32m  OK  [0m] Reached target [0;1;39mPath Units[0m.[    1.532665] systemd[1]: Reached target Path Units.

[[0;32m  OK  [0m] Reached target [0;1;39mSlice Units[0m.
[    1.533546] systemd[1]: Reached target Slice Units.
[[0;32m  OK  [0m] Reached target [0;1;39mSwaps[0m.
[[0;32m  OK  [0m] Reached target [0;1;39mTimer Units[0m.[    1.534453] systemd[1]: Reached target Swaps.
[    1.534926] systemd[1]: Reached target Timer Units.

[[0;32m  OK  [0m] Listening on [0;1;39mD-Bus System Message Bus Socket[0m.
[[0;32m  OK  [0m] Listening on [0;1;39mJournal Socket (/dev/log)[0m.
[[0;32m  OK  [0m] Listening on [0;1;39mJournal Socket[0m.
[    1.536186] systemd[1]: Listening on D-Bus System Message Bus Socket.
[    1.536863] systemd[1]: Listening on Journal Socket (/dev/log).
[    1.537527] systemd[1]: Listening on Journal Socket.
[[0;32m  OK  [0m] Listening on [0;1;39mudev Control Socket[0m.
[[0;32m  OK  [0m] Listening on [0;1;39mudev Kernel Socket[0m.
[[0;32m  OK  [0m] Reached target [0;1;39mSocket Units[0m.
[    1.539371] systemd[1]: Listening on udev Control Socket.
[    1.539984] systemd[1]: Listening on udev Kernel Socket.
[    1.540562] systemd[1]: Reached target Socket Units.
         Starting [0;1;39mCreate List of Static Device Nodes[0m...
         Starting [0;1;39mJournal Service[0m...
[    1.543628] systemd[1]: Starting Create List of Static Device Nodes...
[    1.545171] systemd[1]: Starting Journal Service...
         Starting [0;1;39mLoad Kernel Modules[0m...
[    1.558060] systemd[1]: Starting Load Kernel Modules...
         Starting [0;1;39mCreate System Users[0m...
[    1.563060] systemd[1]: Starting Create System Users...
         Starting [0;1;39mSetup Virtual Console[0m...
[    1.564495] systemd[1]: Starting Setup Virtual Console...
[[0;32m  OK  [0m] Finished [0;1;39mCreate List of Static Device Nodes[0m.
[    1.568288] systemd[1]: Finished Create List of Static Device Nodes.
[[0;32m  OK  [0m] Finished [0;1;39mLoad Kernel Modules[0m.[    1.569613] systemd[1]: Finished Load Kernel Modules.

         Starting [0;1;39mApply Kernel Variables[0m...
[    1.581094] systemd[1]: Starting Apply Kernel Variables...
[[0;32m  OK  [0m] Finished [0;1;39mCreate System Users[0m.
[    1.587220] systemd[1]: Finished Create System Users.
         Starting [0;1;39mCreate Static Device Nodes in /dev[0m...
[[0;32m  OK  [0m] Finished [0;1;39mApply Kernel Variables[0m.[    1.591138] systemd[1]: Starting Create Static Device Nodes in /dev...
[    1.591956] systemd[1]: Finished Apply Kernel Variables.

[[0;32m  OK  [0m] Finished [0;1;39mCreate Static Device Nodes in /dev[0m.[    1.599766] systemd[1]: Finished Create Static Device Nodes in /dev.

[[0;32m  OK  [0m] Started [0;1;39mJournal Service[0m.
[    1.609609] systemd[1]: Started Journal Service.
         Starting [0;1;39mCreate Volatile Files and Directories[0m...
[[0;32m  OK  [0m] Finished [0;1;39mCreate Volatile Files and Directories[0m.
[[0;32m  OK  [0m] Finished [0;1;39mSetup Virtual Console[0m.
         Starting [0;1;39mdracut cmdline hook[0m...
[[0;32m  OK  [0m] Finished [0;1;39mdracut cmdline hook[0m.
         Starting [0;1;39mdracut pre-udev hook[0m...
[    1.754682] device-mapper: core: CONFIG_IMA_DISABLE_HTABLE is disabled. Duplicate IMA measurements will not be recorded in the IMA log.
[    1.754700] device-mapper: uevent: version 1.0.3
[    1.754807] device-mapper: ioctl: 4.48.0-ioctl (2023-03-01) initialised: dm-devel@redhat.com
[    1.815254] RPC: Registered named UNIX socket transport module.
[    1.815256] RPC: Registered udp transport module.
[    1.815256] RPC: Registered tcp transport module.
[    1.815257] RPC: Registered tcp-with-tls transport module.
[    1.815257] RPC: Registered tcp NFSv4.1 backchannel transport module.
[[0;32m  OK  [0m] Finished [0;1;39mdracut pre-udev hook[0m.
         Starting [0;1;39mRule-based Manage���for Device Events and Files[0m...
[[0;32m  OK  [0m] Started [0;1;39mRule-based Manager for Device Events and Files[0m.
         Starting [0;1;39mdracut pre-trigger hook[0m...
[[0;32m  OK  [0m] Finished [0;1;39mdracut pre-trigger hook[0m.
         Starting [0;1;39mColdplug All udev Devices[0m...
[[0;32m  OK  [0m] Finished [0;1;39mColdplug All udev Devices[0m.
[[0;32m  OK  [0m] Reached target [0;1;39mSystem Initialization[0m.
[[0;32m  OK  [0m] Reached target [0;1;39mBasic System[0m.
[[0;32m  OK  [0m] Reached target [0;1;39mNetwork[0m.
         Starting [0;1;39mdracut initqueue hook[0m...
[[0;32m  OK  [0m] Started [0;1;39mHardware RNG Entropy Gatherer Daemon[0m.
[    2.109768] virtio_blk virtio2: 1/0/0 default/read/poll queues
[    2.134574] virtio_blk virtio2: [vda] 33554432 512-byte logical blocks (17.2 GB/16.0 GiB)
[    2.156572] GPT:Primary header thinks Alt. header is not at the end of the disk.
[    2.156574] GPT:20971519 != 33554431
[    2.156575] GPT:Alternate GPT header not at the end of the disk.
[    2.156575] GPT:20971519 != 33554431
[    2.156576] GPT: Use GNU Parted to correct GPT errors.
[    2.156580]  vda: vda1 vda2 vda3 vda4
[[0;32m  OK  [0m] Found device [0;1;39m/dev/disk/by-label/rocky[0m.
[[0;32m  OK  [0m] Reached target [0;1;39mInitrd Root Device[0m.
[    2.319253] scsi host0: ata_piix
[    2.329365] scsi host1: ata_piix
[    2.329391] ata1: PATA max MWDMA2 cmd 0x1f0 ctl 0x3f6 bmdma 0xc140 irq 14 lpm-pol 0
[    2.329393] ata2: PATA max MWDMA2 cmd 0x170 ctl 0x376 bmdma 0xc148 irq 15 lpm-pol 0
[[0;32m  OK  [0m] Finished [0;1;39mdracut initqueue hook[0m.
[[0;32m  OK  [0m] Reached target [0;1;39mPreparation for Remote File Systems[0m.
[[0;32m  OK  [0m] Reached target [0;1;39mRemote Encrypted Volumes[0m.
[[0;32m  OK  [0m] Reached target [0;1;39mRemote File Systems[0m.
         Starting [0;1;39mdracut pre-mount hook[0m...
[[0;32m  OK  [0m] Finished [0;1;39mdracut pre-mount hook[0m.
         Starting [0;1;39mFile System Check on /dev/disk/by-label/rocky[0m...
[[0;32m  OK  [0m] Finished [0;1;39mFile System Check on /dev/disk/by-label/rocky[0m.
         Mounting [0;1;39m/sysroot[0m...
[    2.979139] SGI XFS with ACLs, security attributes, scrub, quota, no debug enabled
[    2.994257] XFS (vda4): Mounting V5 Filesystem 5b6a1614-08e4-4d63-92fe-cee0bc83425f
[    3.052910] XFS (vda4): Ending clean mount
[[0;32m  OK  [0m] Mounted [0;1;39m/sysroot[0m.
[[0;32m  OK  [0m] Reached target [0;1;39mInitrd Root File System[0m.
         Starting [0;1;39mMountpoints Configured in the Real Root[0m...
[[0;32m  OK  [0m] Finished [0;1;39mMountpoints Configured in the Real Root[0m.
[[0;32m  OK  [0m] Reached target [0;1;39mInitrd File Systems[0m.
[[0;32m  OK  [0m] Reached target [0;1;39mInitrd Default Target[0m.
         Starting [0;1;39mdracut pre-pivot and cleanup hook[0m...
[[0;32m  OK  [0m] Finished [0;1;39mdracut pre-pivot and cleanup hook[0m.
         Starting [0;1;39mCleaning Up and Shutting Down Daemons[0m...
[[0;32m  OK  [0m] Stopped target [0;1;39mNetwork[0m.
[[0;32m  OK  [0m] Stopped target [0;1;39mRemote Encrypted Volumes[0m.
[[0;32m  OK  [0m] Stopped target [0;1;39mTimer Units[0m.
[[0;32m  OK  [0m] Closed [0;1;39mD-Bus System Message Bus Socket[0m.
[[0;32m  OK  [0m] Stopped [0;1;39mdracut pre-pivot and cleanup hook[0m.
[[0;32m  OK  [0m] Stopped target [0;1;39mInitrd Default Target[0m.
[[0;32m  OK  [0m] Stopped target [0;1;39mInitrd Root Device[0m.
[[0;32m  OK  [0m] Stopped target [0;1;39mInitrd /usr File System[0m.
[[0;32m  OK  [0m] Stopped target [0;1;39mRemote File Systems[0m.
[[0;32m  OK  [0m] Stopped target [0;1;39mPreparation for Remote File Systems[0m.
[[0;32m  OK  [0m] Stopped [0;1;39mdracut pre-mount hook[0m.
[[0;32m  OK  [0m] Stopped [0;1;39mdracut initqueue hook[0m.
         Stopping [0;1;39mHardware RNG Entropy Gatherer Daemon[0m...
[[0;32m  OK  [0m] Stopped [0;1;39mSetup Virtual Console[0m.
[[0;32m  OK  [0m] Finished [0;1;39mCleaning Up and Shutting Down Daemons[0m.
[[0;32m  OK  [0m] Stopped [0;1;39mHardware RNG Entropy Gatherer Daemon[0m.
[[0;32m  OK  [0m] Stopped target [0;1;39mBasic System[0m.
[[0;32m  OK  [0m] Stopped target [0;1;39mPath Units[0m.
[[0;32m  OK  [0m] Stopped target [0;1;39mSlice Units[0m.
[[0;32m  OK  [0m] Stopped target [0;1;39mSocket Units[0m.
[[0;32m  OK  [0m] Stopped target [0;1;39mSystem Initialization[0m.
[[0;32m  OK  [0m] Stopped target [0;1;39mLocal Encrypted Volumes[0m.
[[0;32m  OK  [0m] Stopped [0;1;39mDispatch Password ���ts to Console Directory Watch[0m.
[[0;32m  OK  [0m] Stopped target [0;1;39mLocal File Systems[0m.
[[0;32m  OK  [0m] Stopped target [0;1;39mSwaps[0m.
[[0;32m  OK  [0m] Stopped [0;1;39mApply Kernel Variables[0m.
[[0;32m  OK  [0m] Stopped [0;1;39mLoad Kernel Modules[0m.
[[0;32m  OK  [0m] Stopped [0;1;39mCreate Volatile Files and Directories[0m.
[[0;32m  OK  [0m] Stopped [0;1;39mColdplug All udev Devices[0m.
[[0;32m  OK  [0m] Stopped [0;1;39mdracut pre-trigger hook[0m.
         Stopping [0;1;39mRule-based Manage���for Device Events and Files[0m...
[[0;32m  OK  [0m] Stopped [0;1;39mRule-based Manager for Device Events and Files[0m.
[[0;32m  OK  [0m] Closed [0;1;39mudev Control Socket[0m.
[[0;32m  OK  [0m] Closed [0;1;39mudev Kernel Socket[0m.
[[0;32m  OK  [0m] Stopped [0;1;39mdracut pre-udev hook[0m.
[[0;32m  OK  [0m] Stopped [0;1;39mdracut cmdline hook[0m.
         Starting [0;1;39mCleanup udev Database[0m...
[[0;32m  OK  [0m] Stopped [0;1;39mCreate Static Device Nodes in /dev[0m.
[[0;32m  OK  [0m] Stopped [0;1;39mCreate List of Static Device Nodes[0m.
[[0;32m  OK  [0m] Stopped [0;1;39mCreate System Users[0m.
[[0;32m  OK  [0m] Finished [0;1;39mCleanup udev Database[0m.
[[0;32m  OK  [0m] Reached target [0;1;39mSwitch Root[0m.
         Starting [0;1;39mSwitch Root[0m...
[    3.252244] systemd-journald[227]: Received SIGTERM from PID 1 (systemd).
[    3.545472] audit: type=1404 audit(1756051339.387:2): enforcing=1 old_enforcing=0 auid=4294967295 ses=4294967295 enabled=1 old-enabled=1 lsm=selinux res=1
[    3.591806] SELinux:  policy capability network_peer_controls=1
[    3.591810] SELinux:  policy capability open_perms=1
[    3.591812] SELinux:  policy capability extended_socket_class=1
[    3.591812] SELinux:  policy capability always_check_network=0
[    3.591813] SELinux:  policy capability cgroup_seclabel=1
[    3.591814] SELinux:  policy capability nnp_nosuid_transition=1
[    3.591814] SELinux:  policy capability genfs_seclabel_symlinks=1
[    3.618495] audit: type=1403 audit(1756051339.460:3): auid=4294967295 ses=4294967295 lsm=selinux res=1
[    3.624417] systemd[1]: Successfully loaded SELinux policy in 78.973ms.
[    3.702044] systemd[1]: Relabelled /dev, /dev/shm, /run, /sys/fs/cgroup in 21.085ms.
[    3.713633] systemd[1]: systemd 252-32.el9_4 running in system mode (+PAM +AUDIT +SELINUX -APPARMOR +IMA +SMACK +SECCOMP +GCRYPT +GNUTLS +OPENSSL +ACL +BLKID +CURL +ELFUTILS -FIDO2 +IDN2 -IDN -IPTC +KMOD +LIBCRYPTSETUP +LIBFDISK +PCRE2 -PWQUALITY +P11KIT -QRENCODE +TPM2 +BZIP2 +LZ4 +XZ +ZLIB +ZSTD -BPF_FRAMEWORK +XKBCOMMON +UTMP +SYSVINIT default-hierarchy=unified)
[    3.713739] systemd[1]: Detected virtualization kvm.
[    3.713746] systemd[1]: Detected architecture x86-64.

Welcome to [0;32mRocky Linux 9.4 (Blue Onyx)[0m!

[    3.729539] systemd[1]: Initializing machine ID from VM UUID.
[    3.729594] systemd[1]: Installed transient /etc/machine-id file.
[    3.798969] systemd-rc-local-generator[536]: /etc/rc.d/rc.local is not marked executable, skipping.
[[0;32m  OK  [0m] Stopped [0;1;39mSwitch Root[0m.[    4.276678] systemd[1]: initrd-switch-root.service: Deactivated successfully.
[    4.276760] systemd[1]: Stopped Switch Root.

[[0;32m  OK  [0m] Created slice [0;1;39mSlice /system/getty[0m.[    4.278504] systemd[1]: systemd-journald.service: Scheduled restart job, restart counter is at 1.
[    4.278743] systemd[1]: Created slice Slice /system/getty.

[[0;32m  OK  [0m] Created slice [0;1;39mSlice /system/modprobe[0m.[    4.280620] systemd[1]: Created slice Slice /system/modprobe.

[    4.281980] systemd[1]: Created slice Slice /system/serial-getty.
[[0;32m  OK  [0m] Created slice [0;1;39mSlice /system/serial-getty[0m.
[[0;32m  OK  [0m] Created slice [0;1;39mSlice /system/sshd-keygen[0m.
[    4.283280] systemd[1]: Created slice Slice /system/sshd-keygen.
[[0;32m  OK  [0m] Created slice [0;1;39mUser and Session Slice[0m.[    4.284535] systemd[1]: Created slice User and Session Slice.

[[0;32m  OK  [0m] Started [0;1;39mDispatch Password ���ts to Console Directory Watch[0m.[    4.285687] systemd[1]: Started Dispatch Password Requests to Console Directory Watch.

[[0;32m  OK  [0m] Started [0;1;39mForward Password R���uests to Wall Directory Watch[0m.
[    4.287133] systemd[1]: Started Forward Password Requests to Wall Directory Watch.
[[0;32m  OK  [0m] Set up automount [0;1;39mArbitrary���s File System Automount Point[0m.[    4.288885] systemd[1]: Set up automount Arbitrary Executable File Formats File System Automount Point.

[[0;32m  OK  [0m] Reached target [0;1;39mLocal Encrypted Volumes[0m.
[[0;32m  OK  [0m] Stopped target [0;1;39mSwitch Root[0m.[    4.290345] systemd[1]: Reached target Local Encrypted Volumes.
[    4.290943] systemd[1]: Stopped target Switch Root.

[[0;32m  OK  [0m] Stopped target [0;1;39mInitrd File Systems[0m.
[[0;32m  OK  [0m] Stopped target [0;1;39mInitrd Root File System[0m.
[[0;32m  OK  [0m] Reached target [0;1;39mLocal Integrity Protected Volumes[0m.
[[0;32m  OK  [0m] Reached target [0;1;39mPath Units[0m.
[[0;32m  OK  [0m] Reached target [0;1;39mrpc_pipefs.target[0m.
[[0;32m  OK  [0m] Reached target [0;1;39mSlice Units[0m.
[[0;32m  OK  [0m] Reached target [0;1;39mSwaps[0m.
[[0;32m  OK  [0m] Reached target [0;1;39mLocal Verity Protected Volumes[0m.
[    4.292250] systemd[1]: Stopped target Initrd File Systems.
[    4.292807] systemd[1]: Stopped target Initrd Root File System.
[    4.293415] systemd[1]: Reached target Local Integrity Protected Volumes.
[    4.294135] systemd[1]: Reached target Path Units.
[    4.294663] systemd[1]: Reached target rpc_pipefs.target.
[    4.295223] systemd[1]: Reached target Slice Units.
[    4.295729] systemd[1]: Reached target Swaps.
[    4.296206] systemd[1]: Reached target Local Verity Protected Volumes.
[[0;32m  OK  [0m] Listening on [0;1;39mRPCbind Server Activation Socket[0m.
[[0;32m  OK  [0m] Reached target [0;1;39mRPC Port Mapper[0m.
[    4.303948] systemd[1]: Listening on RPCbind Server Activation Socket.
[    4.304651] systemd[1]: Reached target RPC Port Mapper.
[[0;32m  OK  [0m] Listening on [0;1;39mProcess Core Dump Socket[0m.[    4.309510] systemd[1]: Listening on Process Core Dump Socket.

[[0;32m  OK  [0m] Listening on [0;1;39minitctl Compatibility Named Pipe[0m.[    4.310700] systemd[1]: Listening on initctl Compatibility Named Pipe.

[[0;32m  OK  [0m] Listening on [0;1;39mudev Control Socket[0m.
[    4.312431] systemd[1]: Listening on udev Control Socket.
[[0;32m  OK  [0m] Listening on [0;1;39mudev Kernel Socket[0m.[    4.313708] systemd[1]: Listening on udev Kernel Socket.

         Mounting [0;1;39mHuge Pages File System[0m...
[    4.318079] systemd[1]: Mounting Huge Pages File System...
         Mounting [0;1;39mPOSIX Message Queue File System[0m...[    4.319941] systemd[1]: Mounting POSIX Message Queue File System...

         Mounting [0;1;39mKernel Debug File System[0m...[    4.321955] systemd[1]: Mounting Kernel Debug File System...

         Mounting [0;1;39mKernel Trace File System[0m...[    4.323844] systemd[1]: Mounting Kernel Trace File System...

[    4.325253] systemd[1]: Kernel Module supporting RPCSEC_GSS was skipped because of an unmet condition check (ConditionPathExists=/etc/krb5.keytab).
         Starting [0;1;39mCreate List of Static Device Nodes[0m...[    4.327810] systemd[1]: Starting Create List of Static Device Nodes...

         Starting [0;1;39mLoad Kernel Module configfs[0m...
[    4.331267] systemd[1]: Starting Load Kernel Module configfs...
         Starting [0;1;39mLoad Kernel Module drm[0m...[    4.339884] systemd[1]: Starting Load Kernel Module drm...

         Starting [0;1;39mLoad Kernel Module fuse[0m...[    4.349616] systemd[1]: Starting Load Kernel Module fuse...

         Starting [0;1;39mRead and set NIS ���from /etc/sysconfig/network[0m...
[    4.356218] systemd[1]: Starting Read and set NIS domainname from /etc/sysconfig/network...
[[0;32m  OK  [0m] Stopped [0;1;39mJournal Service[0m.[    4.357938] systemd[1]: Stopped Journal Service.

         Starting [0;1;39mJournal Service[0m...
[    4.374088] systemd[1]: Starting Journal Service...
         Starting [0;1;39mLoad Kernel Modules[0m...
[    4.378112] systemd[1]: Starting Load Kernel Modules...
         Starting [0;1;39mGenerate network ���ts from Kernel command line[0m...[    4.384630] systemd[1]: Starting Generate network units from Kernel command line...

[    4.386148] systemd[1]: TPM2 PCR Machine ID Measurement was skipped because of an unmet condition check (ConditionPathExists=/sys/firmware/efi/efivars/StubPcrKernelImage-4a67b082-0a4c-41cf-b6c7-440b29bb8c4f).
         Starting [0;1;39mRemount Root and Kernel File Systems[0m...
[    4.397440] systemd[1]: Starting Remount Root and Kernel File Systems...
[    4.399203] systemd[1]: Repartition Root Disk was skipped because no trigger condition checks were met.
         Starting [0;1;39mColdplug All udev Devices[0m...
[    4.407104] systemd[1]: Starting Coldplug All udev Devices...
[    4.415771] xfs filesystem being remounted at / supports timestamps until 2038 (0x7fffffff)
[[0;32m  OK  [0m] Mounted [0;1;39mHuge Pages File System[0m.
[    4.417257] systemd[1]: Mounted Huge Pages File System.
[[0;32m  OK  [0m] Mounted [0;1;39mPOSIX Message Queue File System[0m.
[    4.419371] systemd[1]: Mounted POSIX Message Queue File System.
[[0;32m  OK  [0m] Mounted [0;1;39mKernel Debug File System[0m.[    4.421098] systemd[1]: Mounted Kernel Debug File System.

[[0;32m  OK  [0m] Mounted [0;1;39mKernel Trace File System[0m.
[    4.425032] systemd[1]: Mounted Kernel Trace File System.
[[0;32m  OK  [0m] Finished [0;1;39mCreate List of Static Device Nodes[0m.[    4.426591] systemd[1]: Finished Create List of Static Device Nodes.

[    4.430591] systemd[1]: modprobe@configfs.service: Deactivated successfully.
[[0;32m  OK  [0m] Finished [0;1;39mLoad Kernel Module configfs[0m.[    4.432481] systemd[1]: Finished Load Kernel Module configfs.

[[0;32m  OK  [0m] Finished [0;1;39mRead and set NIS ���e from /etc/sysconfig/network[0m.
[    4.437041] systemd[1]: Finished Read and set NIS domainname from /etc/sysconfig/network.
[[0;32m  OK  [0m] Finished [0;1;39mLoad Kernel Modules[0m.
[[0;32m  OK  [0m] Finished [0;1;39mGenerate network units from Kernel command line[0m.[    4.440128] systemd[1]: Finished Load Kernel Modules.
[    4.440871] systemd[1]: Finished Generate network units from Kernel command line.

[[0;32m  OK  [0m] Finished [0;1;39mRemount Root and Kernel File Systems[0m.
[    4.445053] systemd[1]: Finished Remount Root and Kernel File Systems.
         Mounting [0;1;39mKernel Configuration File System[0m...
[    4.453150] systemd[1]: Mounting Kernel Configuration File System...
[    4.454592] systemd[1]: First Boot Wizard was skipped because of an unmet condition check (ConditionFirstBoot=yes).
[    4.461251] fuse: init (API version 7.36)
         Starting [0;1;39mRebuild Hardware Database[0m...[    4.471603] systemd[1]: Starting Rebuild Hardware Database...

         Starting [0;1;39mLoad/Save OS Random Seed[0m...
[    4.476019] systemd[1]: Starting Load/Save OS Random Seed...
         Starting [0;1;39mApply Kernel Variables[0m...[    4.485733] systemd[1]: Starting Apply Kernel Variables...

         Starting [0;1;39mCreate System Users[0m...
[    4.498483] systemd[1]: Starting Create System Users...
[[0;32m  OK  [0m] Started [0;1;39mJournal Service[0m.[    4.509944] systemd[1]: Started Journal Service.

[[0;32m  OK  [0m] Finished [0;1;39mLoad Kernel Module fuse[0m.
[[0;32m  OK  [0m] Mounted [0;1;39mKernel Configuration File System[0m.
[[0;32m  OK  [0m] Finished [0;1;39mLoad/Save OS Random Seed[0m.
         Mounting [0;1;39mFUSE Control File System[0m...
         Starting [0;1;39mFlush Journal to Persistent Storage[0m...
[[0;32m  OK  [0m] Finished [0;1;39mApply Kernel Variables[0m.
[    4.557560] systemd-journald[570]: Received client request to flush runtime journal.
[[0;32m  OK  [0m] Mounted [0;1;39mFUSE Control File System[0m.
[[0;32m  OK  [0m] Finished [0;1;39mCreate System Users[0m.
         Starting [0;1;39mCreate Static Device Nodes in /dev[0m...
[[0;32m  OK  [0m] Finished [0;1;39mFlush Journal to Persistent Storage[0m.
[    4.622615] ACPI: bus type drm_connector registered
[[0;32m  OK  [0m] Finished [0;1;39mLoad Kernel Module drm[0m.
[[0;32m  OK  [0m] Finished [0;1;39mColdplug All udev Devices[0m.
[[0;32m  OK  [0m] Finished [0;1;39mCreate Static Device Nodes in /dev[0m.
[[0;32m  OK  [0m] Reached target [0;1;39mPreparation for Local File Systems[0m.
[[0;32m  OK  [0m] Set up automount [0;1;39mEFI System Partition Automount[0m.
[[0;32m  OK  [0m] Finished [0;1;39mRebuild Hardware Database[0m.
         Starting [0;1;39mRule-based Manage���for Device Events and Files[0m...
[[0;32m  OK  [0m] Started [0;1;39mRule-based Manager for Device Events and Files[0m.
         Starting [0;1;39mLoad Kernel Module configfs[0m...
[[0;32m  OK  [0m] Finished [0;1;39mLoad Kernel Module configfs[0m.
[    5.220050] input: PC Speaker as /devices/platform/pcspkr/input/input6
[    5.257650] piix4_smbus 0000:00:01.3: SMBus Host Controller at 0x700, revision 0
[    5.329160] [drm] pci: virtio-vga detected at 0000:00:02.0
[    5.329397] virtio-pci 0000:00:02.0: vgaarb: deactivate vga console
[    5.346119] Console: switching to colour dummy device 80x25
[    5.346293] [drm] features: -virgl +edid -resource_blob -host_visible
[    5.346294] [drm] features: -context_init
[    5.346875] [drm] number of scanouts: 1
[    5.346880] [drm] number of cap sets: 0
[    5.354898] [drm] Initialized virtio_gpu 0.1.0 0 for 0000:00:02.0 on minor 0
[    5.361203] fbcon: virtio_gpudrmfb (fb0) is primary device
[    5.363286] Console: switching to colour frame buffer device 128x48
[    5.376546] virtio-pci 0000:00:02.0: [drm] fb0: virtio_gpudrmfb frame buffer device
         Mounting [0;1;39m/boot[0m...
[    5.429870] XFS (vda3): Mounting V5 Filesystem 7bd580cc-c41d-4f07-82d1-7ceb1e51dac0
[    5.497341] XFS (vda3): Ending clean mount
[    5.500650] xfs filesystem being mounted at /boot supports timestamps until 2038 (0x7fffffff)
[[0;32m  OK  [0m] Mounted [0;1;39m/boot[0m.
         Mounting [0;1;39m/boot/efi[0m...
[[0;32m  OK  [0m] Mounted [0;1;39m/boot/efi[0m.
[[0;32m  OK  [0m] Reached target [0;1;39mLocal File Systems[0m.
         Starting [0;1;39mRebuild Dynamic Linker Cache[0m...
         Starting [0;1;39mAutomatic Boot Loader Update[0m...
         Starting [0;1;39mCommit a transient machine-id on disk[0m...
         Starting [0;1;39mCreate Volatile Files and Directories[0m...
[[0;32m  OK  [0m] Created slice [0;1;39mSlice /system/systemd-fsck[0m.
         Starting [0;1;39mFile System Check on /dev/vda2[0m...
[[0;32m  OK  [0m] Finished [0;1;39mCommit a transient machine-id on disk[0m.
[[0;32m  OK  [0m] Finished [0;1;39mFile System Check on /dev/vda2[0m.
         Mounting [0;1;39mEFI System Partition Automount[0m...
[[0;32m  OK  [0m] Mounted [0;1;39mEFI System Partition Automount[0m.
[[0;32m  OK  [0m] Finished [0;1;39mAutomatic Boot Loader Update[0m.
[[0;32m  OK  [0m] Finished [0;1;39mCreate Volatile Files and Directories[0m.
         Starting [0;1;39mSecurity Auditing Service[0m...
         Starting [0;1;39mRPC Bind[0m...
         Starting [0;1;39mRebuild Journal Catalog[0m...
[[0;32m  OK  [0m] Finished [0;1;39mRebuild Journal Catalog[0m.
[[0;32m  OK  [0m] Started [0;1;39mRPC Bind[0m.
[[0;32m  OK  [0m] Started [0;1;39mSecurity Auditing Service[0m.
         Starting [0;1;39mRecord System Boot/Shutdown in UTMP[0m...
[[0;32m  OK  [0m] Finished [0;1;39mRecord System Boot/Shutdown in UTMP[0m.
[[0;32m  OK  [0m] Finished [0;1;39mRebuild Dynamic Linker Cache[0m.
         Starting [0;1;39mUpdate is Completed[0m...
[[0;32m  OK  [0m] Finished [0;1;39mUpdate is Completed[0m.
[[0;32m  OK  [0m] Reached target [0;1;39mSystem Initialization[0m.
[[0;32m  OK  [0m] Started [0;1;39mdnf makecache --timer[0m.
[[0;32m  OK  [0m] Started [0;1;39mDaily rotation of log files[0m.
[[0;32m  OK  [0m] Started [0;1;39mDaily Cleanup of Temporary Directories[0m.
[[0;32m  OK  [0m] Reached target [0;1;39mTimer Units[0m.
[[0;32m  OK  [0m] Listening on [0;1;39mD-Bus System Message Bus Socket[0m.
[[0;32m  OK  [0m] Listening on [0;1;39mSSSD Kerberos���ache Manager responder socket[0m.
[[0;32m  OK  [0m] Reached target [0;1;39mSocket Units[0m.
         Starting [0;1;39mD-Bus System Message Bus[0m...
[[0;32m  OK  [0m] Started [0;1;39mD-Bus System Message Bus[0m.
[[0;32m  OK  [0m] Reached target [0;1;39mBasic System[0m.
         Starting [0;1;39mNTP client/server[0m...
         Starting [0;1;39mInitial cloud-init job (pre-networking)[0m...
         Starting [0;1;39mRestore /run/initramfs on shutdown[0m...
[[0;32m  OK  [0m] Started [0;1;39mHardware RNG Entropy Gatherer Daemon[0m.
[[0;32m  OK  [0m] Reached target [0;1;39msshd-keygen.target[0m.
[[0;32m  OK  [0m] Reached target [0;1;39mUser and Group Name Lookups[0m.
         Starting [0;1;39mUser Login Management[0m...
[[0;32m  OK  [0m] Finished [0;1;39mRestore /run/initramfs on shutdown[0m.
[[0;32m  OK  [0m] Started [0;1;39mNTP client/server[0m.
[[0;32m  OK  [0m] Started [0;1;39mUser Login Management[0m.
[    7.944580] cloud-init[684]: Cloud-init v. 23.4-7.el9_4.0.1 running 'init-local' at Sun, 24 Aug 2025 16:02:23 +0000. Up 7.89 seconds.
         Starting [0;1;39mHostname Service[0m...
[[0;32m  OK  [0m] Started [0;1;39mHostname Service[0m.
[[0;32m  OK  [0m] Finished [0;1;39mInitial cloud-init job (pre-networking)[0m.
[[0;32m  OK  [0m] Reached target [0;1;39mPreparation for Network[0m.
         Starting [0;1;39mNetwork Manager[0m...
         Starting [0;1;39mNetwork Manager Script Dispatcher Service[0m...
[[0;32m  OK  [0m] Started [0;1;39mNetwork Manager Script Dispatcher Service[0m.
[[0;32m  OK  [0m] Started [0;1;39mNetwork Manager[0m.
[[0;32m  OK  [0m] Reached target [0;1;39mNetwork[0m.
         Starting [0;1;39mNetwork Manager Wait Online[0m...
         Starting [0;1;39mGSSAPI Proxy Daemon[0m...
[[0;32m  OK  [0m] Listening on [0;1;39mLoad/Save RF ���itch Status /dev/rfkill Watch[0m.
[[0;32m  OK  [0m] Started [0;1;39mGSSAPI Proxy Daemon[0m.
[[0;32m  OK  [0m] Reached target [0;1;39mNFS client services[0m.
[[0;32m  OK  [0m] Reached target [0;1;39mPreparation for Remote File Systems[0m.
[[0;32m  OK  [0m] Reached target [0;1;39mRemote File Systems[0m.
[[0;32m  OK  [0m] Finished [0;1;39mNetwork Manager Wait Online[0m.
         Starting [0;1;39mInitial cloud-ini��� (metadata service crawler)[0m...
[   10.337719] cloud-init[771]: Cloud-init v. 23.4-7.el9_4.0.1 running 'init' at Sun, 24 Aug 2025 16:02:26 +0000. Up 10.29 seconds.
[   10.367684] cloud-init[771]: ci-info: +++++++++++++++++++++++++++++++++++++++Net device info+++++++++++++++++++++++++++++++++++++++
[   10.368833] cloud-init[771]: ci-info: +--------+------+------------------------------+---------------+--------+-------------------+
[   10.369875] cloud-init[771]: ci-info: | Device |  Up  |           Address            |      Mask     | Scope  |     Hw-Address    |
[   10.370877] cloud-init[771]: ci-info: +--------+------+------------------------------+---------------+--------+-------------------+
[   10.371874] cloud-init[771]: ci-info: |  eth0  | True |           10.1.3.9           | 255.255.255.0 | global | fa:16:3e:7a:72:2f |
[   10.372884] cloud-init[771]: ci-info: |  eth0  | True | fe80::f816:3eff:fe7a:722f/64 |       .       |  link  | fa:16:3e:7a:72:2f |
[   10.373888] cloud-init[771]: ci-info: |   lo   | True |          127.0.0.1           |   255.0.0.0   |  host  |         .         |
[   10.374888] cloud-init[771]: ci-info: |   lo   | True |           ::1/128            |       .       |  host  |         .         |
[   10.375884] cloud-init[771]: ci-info: +--------+------+------------------------------+---------------+--------+-------------------+
[   10.376896] cloud-init[771]: ci-info: ++++++++++++++++++++++++++++++Route IPv4 info+++++++++++++++++++++++++++++++
[   10.377792] cloud-init[771]: ci-info: +-------+-----------------+----------+-----------------+-----------+-------+
[   10.378763] cloud-init[771]: ci-info: | Route |   Destination   | Gateway  |     Genmask     | Interface | Flags |
[   10.379736] cloud-init[771]: ci-info: +-------+-----------------+----------+-----------------+-----------+-------+
[   10.380691] cloud-init[771]: ci-info: |   0   |     0.0.0.0     | 10.1.3.1 |     0.0.0.0     |    eth0   |   UG  |
[   10.381622] cloud-init[771]: ci-info: |   1   |     10.1.3.0    | 0.0.0.0  |  255.255.255.0  |    eth0   |   U   |
[   10.382549] cloud-init[771]: ci-info: |   2   | 169.254.169.254 | 10.1.3.2 | 255.255.255.255 |    eth0   |  UGH  |
[   10.383490] cloud-init[771]: ci-info: +-------+-----------------+----------+-----------------+-----------+-------+
[   10.384470] cloud-init[771]: ci-info: +++++++++++++++++++Route IPv6 info+++++++++++++++++++
[   10.385282] cloud-init[771]: ci-info: +-------+-------------+---------+-----------+-------+
[   10.386066] cloud-init[771]: ci-info: | Route | Destination | Gateway | Interface | Flags |
[   10.386852] cloud-init[771]: ci-info: +-------+-------------+---------+-----------+-------+
[   10.387604] cloud-init[771]: ci-info: |   1   |  fe80::/64  |    ::   |    eth0   |   U   |
[   10.388389] cloud-init[771]: ci-info: |   3   |  multicast  |    ::   |    eth0   |   U   |
[   10.389175] cloud-init[771]: ci-info: +-------+-------------+---------+-----------+-------+
[   11.996837] cloud-init[771]: Generating public/private rsa key pair.
[   11.997573] cloud-init[771]: Your identification has been saved in /etc/ssh/ssh_host_rsa_key
[   11.998356] cloud-init[771]: Your public key has been saved in /etc/ssh/ssh_host_rsa_key.pub
[   11.999100] cloud-init[771]: The key fingerprint is:
[   11.999576] cloud-init[771]: SHA256:wey/89kJeN/fPl2dVye4piWNFtzEjLxbcInLoG3Pw+Y root@dbvm
[   12.000296] cloud-init[771]: The key's randomart image is:
[   12.000822] cloud-init[771]: +---[RSA 3072]----+
[   12.001272] cloud-init[771]: |         . = .   |
[   12.001733] cloud-init[771]: |       o. = *    |
[   12.002186] cloud-init[771]: |       o++ B .   |
[   12.002646] cloud-init[771]: |      ..o.* + . o|
[   12.003098] cloud-init[771]: |       .S+ * . .=|
[   12.003547] cloud-init[771]: |         .@.=  .+|
[   12.004006] cloud-init[771]: |         +o*o   +|
[   12.004457] cloud-init[771]: |          Eo = +o|
[   12.004924] cloud-init[771]: |          .oo +.B|
[   12.005408] cloud-init[771]: +----[SHA256]-----+
[   12.005929] cloud-init[771]: Generating public/private ecdsa key pair.
[   12.006526] cloud-init[771]: Your identification has been saved in /etc/ssh/ssh_host_ecdsa_key
[   12.007295] cloud-init[771]: Your public key has been saved in /etc/ssh/ssh_host_ecdsa_key.pub
[   12.008077] cloud-init[771]: The key fingerprint is:
[   12.008551] cloud-init[771]: SHA256:3Dmocxuh7T72ZJGMQctCehdEFGGrGngzeZXJNURI+3Y root@dbvm
[   12.009284] cloud-init[771]: The key's randomart image is:
[   12.009810] cloud-init[771]: +---[ECDSA 256]---+
[   12.010294] cloud-init[771]: |      .=@*=      |
[   12.010769] cloud-init[771]: |     o =.O .     |
[   12.011225] cloud-init[771]: |    . o %        |
[   12.011692] cloud-init[771]: |   . o * B o     |
[   12.012148] cloud-init[771]: |  . * o S X E    |
[   12.012607] cloud-init[771]: |   . * + o +     |
[   12.013079] cloud-init[771]: |    . + + o      |
[   12.013533] cloud-init[771]: |       +o=       |
[   12.014008] cloud-init[771]: |       o+o.      |
[   12.014462] cloud-init[771]: +----[SHA256]-----+
[   12.014926] cloud-init[771]: Generating public/private ed25519 key pair.
[   12.015529] cloud-init[771]: Your identification has been saved in /etc/ssh/ssh_host_ed25519_key
[   12.016309] cloud-init[771]: Your public key has been saved in /etc/ssh/ssh_host_ed25519_key.pub
[   12.017090] cloud-init[771]: The key fingerprint is:
[   12.017573] cloud-init[771]: SHA256:+ZbnqQ9iP2tNt1keEaMwpxUrwM4/NMHkvXbYkqyuEKg root@dbvm
[   12.018300] cloud-init[771]: The key's randomart image is:
[   12.018821] cloud-init[771]: +--[ED25519 256]--+
[   12.019269] cloud-init[771]: |        ..o. ..  |
[   12.019733] cloud-init[771]: |         .o=.o.o |
[   12.020185] cloud-init[771]: |        o  oBo. o|
[   12.020658] cloud-init[771]: |      .  + +o.=. |
[   12.021117] cloud-init[771]: |     . .S o .B o.|
[   12.021608] cloud-init[771]: |    .   .. ++ +..|
[   12.022103] cloud-init[771]: |   E   .o =+o. =.|
[   12.022570] cloud-init[771]: |       ..+++..o .|
[   12.023051] cloud-init[771]: |         o=*+    |
[   12.023514] cloud-init[771]: +----[SHA256]-----+
[[0;32m  OK  [0m] Finished [0;1;39mInitial cloud-ini���ob (metadata service crawler)[0m.
[[0;32m  OK  [0m] Reached target [0;1;39mCloud-config availability[0m.
[[0;32m  OK  [0m] Reached target [0;1;39mNetwork is Online[0m.
         Starting [0;1;39mApply the settings specified in cloud-config[0m...
         Starting [0;1;39mCrash recovery kernel arming[0m...
         Starting [0;1;39mNotify NFS peers of a restart[0m...
         Starting [0;1;39mSystem Logging Service[0m...
         Starting [0;1;39mOpenSSH server daemon[0m...
[[0;32m  OK  [0m] Started [0;1;39mNotify NFS peers of a restart[0m.
[[0;32m  OK  [0m] Started [0;1;39mOpenSSH server daemon[0m.
[[0;1;31mFAILED[0m] Failed to start [0;1;39mCrash recovery kernel arming[0m.
See 'systemctl status kdump.service' for details.
[[0;32m  OK  [0m] Started [0;1;39mSystem Logging Service[0m.
[   12.420187] cloud-init[876]: Cloud-init v. 23.4-7.el9_4.0.1 running 'modules:config' at Sun, 24 Aug 2025 16:02:28 +0000. Up 12.38 seconds.
         Stopping [0;1;39mOpenSSH server daemon[0m...
[[0;32m  OK  [0m] Stopped [0;1;39mOpenSSH server daemon[0m.
[[0;32m  OK  [0m] Stopped target [0;1;39msshd-keygen.target[0m.
         Stopping [0;1;39msshd-keygen.target[0m...
[[0;32m  OK  [0m] Reached target [0;1;39msshd-keygen.target[0m.
         Starting [0;1;39mOpenSSH server daemon[0m...
[[0;32m  OK  [0m] Started [0;1;39mOpenSSH server daemon[0m.
[   12.515724] cloud-init[876]: 2025-08-24 16:02:28,487 - cloud.py[WARNING]: No template found in /etc/cloud/templates for template named chrony.conf.rocky
[   12.517239] cloud-init[876]: 2025-08-24 16:02:28,489 - util.py[WARNING]: Running module ntp (<module 'cloudinit.config.cc_ntp' from '/usr/lib/python3.9/site-packages/cloudinit/config/cc_ntp.py'>) failed
[[0;1;31mFAILED[0m] Failed to start [0;1;39mApply the ���ngs specified in cloud-config[0m.
See 'systemctl status cloud-config.service' for details.
         Starting [0;1;39mExecute cloud user/final scripts[0m...
         Starting [0;1;39mPermit User Sessions[0m...
[[0;32m  OK  [0m] Finished [0;1;39mPermit User Sessions[0m.
[[0;32m  OK  [0m] Started [0;1;39mCommand Scheduler[0m.
[[0;32m  OK  [0m] Started [0;1;39mGetty on tty1[0m.
[[0;32m  OK  [0m] Started [0;1;39mSerial Getty on ttyS0[0m.
[[0;32m  OK  [0m] Reached target [0;1;39mLogin Prompts[0m.
[[0;32m  OK  [0m] Reached target [0;1;39mMulti-User System[0m.
         Starting [0;1;39mRecord Runlevel Change in UTMP[0m...
[[0;32m  OK  [0m] Finished [0;1;39mRecord Runlevel Change in UTMP[0m.
[   12.851235] cloud-init[888]: Cloud-init v. 23.4-7.el9_4.0.1 running 'modules:final' at Sun, 24 Aug 2025 16:02:28 +0000. Up 12.81 seconds.
[   12.932151] cloud-init[888]: + LOGFILE=/var/log/userdata_db.log
[   12.932926] cloud-init[888]: + exec
[   12.933985] cloud-init[888]: + exec
[   12.935420] cloud-init[888]: ++ tee -a /var/log/userdata_db.log
[   12.936402] cloud-init[888]: ++ tee -a /var/log/userdata_db.log
[   12.938098] cloud-init[888]: + echo ====================
[   12.938671] cloud-init[888]: ++ date
[   12.939711] cloud-init[888]: ====================
[   12.941263] cloud-init[888]: + echo 'DB Server Init Started: Mon Aug 25 01:02:28 AM KST 2025'
[   12.942092] cloud-init[888]: + echo ====================
[   12.942601] cloud-init[888]: + echo '[1/6] System update...'
[   12.943154] cloud-init[888]: + sudo dnf install -y epel-release
[   12.943758] cloud-init[888]: DB Server Init Started: Mon Aug 25 01:02:28 AM KST 2025
[   12.944472] cloud-init[888]: ====================
[   12.944946] cloud-init[888]: [1/6] System update...
[[0;32m  OK  [0m] Created slice [0;1;39mUser Slice of UID 0[0m.
         Starting [0;1;39mUser Runtime Directory /run/user/0[0m...
[[0;32m  OK  [0m] Finished [0;1;39mUser Runtime Directory /run/user/0[0m.
         Starting [0;1;39mUser Manager for UID 0[0m...
[[0;32m  OK  [0m] Started [0;1;39mUser Manager for UID 0[0m.
[[0;32m  OK  [0m] Started [0;1;39mSession c1 of User root[0m.

Rocky Linux 9.4 (Blue Onyx)
Kernel 5.14.0-427.18.1.el9_4.x86_64 on an x86_64

Activate the web console with: systemctl enable --now cockpit.socket

dbvm login: 